###############################################################################
#
# IAR ELF Linker V7.80.1.11864/W32 for ARM                11/Feb/2025  13:50:27
# Copyright 2007-2016 IAR Systems AB.
#
#    Output file  =  
#        C:\Users\kuryanovichp\llusartll\EWARM\llusartll\Exe\llusartll.out
#    Map file     =  
#        C:\Users\kuryanovichp\llusartll\EWARM\llusartll\List\llusartll.map
#    Command line =  
#        C:\Users\kuryanovichp\llusartll\EWARM\llusartll\Obj\main.o
#        C:\Users\kuryanovichp\llusartll\EWARM\llusartll\Obj\startup_stm32l476xx.o
#        C:\Users\kuryanovichp\llusartll\EWARM\llusartll\Obj\stm32l4xx_hal.o
#        C:\Users\kuryanovichp\llusartll\EWARM\llusartll\Obj\stm32l4xx_hal_cortex.o
#        C:\Users\kuryanovichp\llusartll\EWARM\llusartll\Obj\stm32l4xx_hal_dma.o
#        C:\Users\kuryanovichp\llusartll\EWARM\llusartll\Obj\stm32l4xx_hal_dma_ex.o
#        C:\Users\kuryanovichp\llusartll\EWARM\llusartll\Obj\stm32l4xx_hal_exti.o
#        C:\Users\kuryanovichp\llusartll\EWARM\llusartll\Obj\stm32l4xx_hal_flash.o
#        C:\Users\kuryanovichp\llusartll\EWARM\llusartll\Obj\stm32l4xx_hal_flash_ex.o
#        C:\Users\kuryanovichp\llusartll\EWARM\llusartll\Obj\stm32l4xx_hal_flash_ramfunc.o
#        C:\Users\kuryanovichp\llusartll\EWARM\llusartll\Obj\stm32l4xx_hal_gpio.o
#        C:\Users\kuryanovichp\llusartll\EWARM\llusartll\Obj\stm32l4xx_hal_i2c.o
#        C:\Users\kuryanovichp\llusartll\EWARM\llusartll\Obj\stm32l4xx_hal_i2c_ex.o
#        C:\Users\kuryanovichp\llusartll\EWARM\llusartll\Obj\stm32l4xx_hal_msp.o
#        C:\Users\kuryanovichp\llusartll\EWARM\llusartll\Obj\stm32l4xx_hal_pwr.o
#        C:\Users\kuryanovichp\llusartll\EWARM\llusartll\Obj\stm32l4xx_hal_pwr_ex.o
#        C:\Users\kuryanovichp\llusartll\EWARM\llusartll\Obj\stm32l4xx_hal_rcc.o
#        C:\Users\kuryanovichp\llusartll\EWARM\llusartll\Obj\stm32l4xx_hal_rcc_ex.o
#        C:\Users\kuryanovichp\llusartll\EWARM\llusartll\Obj\stm32l4xx_hal_tim.o
#        C:\Users\kuryanovichp\llusartll\EWARM\llusartll\Obj\stm32l4xx_hal_tim_ex.o
#        C:\Users\kuryanovichp\llusartll\EWARM\llusartll\Obj\stm32l4xx_it.o
#        C:\Users\kuryanovichp\llusartll\EWARM\llusartll\Obj\stm32l4xx_ll_dma.o
#        C:\Users\kuryanovichp\llusartll\EWARM\llusartll\Obj\stm32l4xx_ll_exti.o
#        C:\Users\kuryanovichp\llusartll\EWARM\llusartll\Obj\stm32l4xx_ll_gpio.o
#        C:\Users\kuryanovichp\llusartll\EWARM\llusartll\Obj\stm32l4xx_ll_rcc.o
#        C:\Users\kuryanovichp\llusartll\EWARM\llusartll\Obj\stm32l4xx_ll_usart.o
#        C:\Users\kuryanovichp\llusartll\EWARM\llusartll\Obj\stm32l4xx_ll_utils.o
#        C:\Users\kuryanovichp\llusartll\EWARM\llusartll\Obj\system_stm32l4xx.o
#        --redirect _Printf=_PrintfFull --redirect _Scanf=_ScanfFull -o
#        C:\Users\kuryanovichp\llusartll\EWARM\llusartll\Exe\llusartll.out
#        --map
#        C:\Users\kuryanovichp\llusartll\EWARM\llusartll\List\llusartll.map
#        --config C:\Users\kuryanovichp\llusartll\EWARM/stm32l476xx_flash.icf
#        --semihosting --entry __iar_program_start --vfe
#
###############################################################################

*******************************************************************************
*** RUNTIME MODEL ATTRIBUTES
***

CppFlavor       = *
__SystemLibrary = DLib


*******************************************************************************
*** PLACEMENT SUMMARY
***

"A0":  place at 0x08000000 { ro section .intvec };
"P1":  place in [from 0x08000000 to 0x080fffff] { ro };
"P2":  place in [from 0x20000000 to 0x20017fff] { rw, block CSTACK, block HEAP };
"P3":  place in [from 0x20000000 to 0x20017fff] {  };
initialize by copy { rw };

  Section            Kind        Address    Size  Object
  -------            ----        -------    ----  ------
"A0":                                      0x188
  .intvec            ro code  0x08000000   0x188  startup_stm32l476xx.o [1]
                            - 0x08000188   0x188

"P1":                                     0x1468
  .text              ro code  0x08000188   0x6ec  main.o [1]
  .text              ro code  0x08000874    0x24  stm32l4xx_hal.o [1]
  .text              ro code  0x08000898     0xc  stm32l4xx_ll_utils.o [1]
  .text              ro code  0x080008a4    0x64  stm32l4xx_hal.o [1]
  .text              ro code  0x08000908     0x6  ABImemclr4.o [5]
  .text              ro code  0x08000910   0x18a  stm32l4xx_ll_gpio.o [1]
  .text              ro code  0x08000a9c   0x120  stm32l4xx_ll_usart.o [1]
  .text              ro code  0x08000bbc   0x118  stm32l4xx_hal_cortex.o [1]
  .text              ro code  0x08000cd4    0x40  stm32l4xx_hal_msp.o [1]
  .text              ro code  0x08000d14    0x32  ABImemset48.o [5]
  .text              ro code  0x08000d48   0x4a0  stm32l4xx_ll_rcc.o [1]
  .text              ro code  0x080011e8    0xdc  stm32l4xx_it.o [1]
  .text              ro code  0x080012c4    0x18  stm32l4xx_hal.o [1]
  .text              ro code  0x080012dc    0x40  zero_init3.o [5]
  .rodata            const    0x0800131c    0x30  system_stm32l4xx.o [1]
  .text              ro code  0x0800134c    0x2c  copy_init3.o [5]
  .text              ro code  0x08001378    0x28  data_init.o [5]
  .text              ro code  0x080013a0    0x22  fpinit_M.o [4]
  .iar.init_table    const    0x080013c4    0x24  - Linker created -
  .text              ro code  0x080013e8    0x1a  cmain.o [5]
  .text              ro code  0x08001402     0x4  low_level_init.o [3]
  .text              ro code  0x08001406     0x4  exit.o [3]
  .text              ro code  0x0800140c     0xa  cexit.o [5]
  .text              ro code  0x08001418    0x14  exit.o [6]
  .rodata            const    0x0800142c    0x18  main.o [1]
  .rodata            const    0x08001444    0x18  main.o [1]
  .text              ro code  0x0800145c    0x14  system_stm32l4xx.o [1]
  .rodata            const    0x08001470    0x10  system_stm32l4xx.o [1]
  .text              ro code  0x08001480    0x10  startup_stm32l476xx.o [1]
  .text              ro code  0x08001490     0xc  cstartup_M.o [5]
  Initializer bytes  const    0x0800149c     0xc  <for P2-P3-1>
  .rodata            const    0x080014a8     0x8  main.o [1]
  .rodata            const    0x080014b0     0x8  system_stm32l4xx.o [1]
  .text              ro code  0x080014b8     0x4  startup_stm32l476xx.o [1]
  .text              ro code  0x080014bc     0x4  startup_stm32l476xx.o [1]
  .text              ro code  0x080014c0     0x4  startup_stm32l476xx.o [1]
  .text              ro code  0x080014c4     0x4  startup_stm32l476xx.o [1]
  .text              ro code  0x080014c8     0x4  startup_stm32l476xx.o [1]
  .text              ro code  0x080014cc     0x4  startup_stm32l476xx.o [1]
  .text              ro code  0x080014d0     0x4  startup_stm32l476xx.o [1]
  .text              ro code  0x080014d4     0x4  startup_stm32l476xx.o [1]
  .text              ro code  0x080014d8     0x4  startup_stm32l476xx.o [1]
  .text              ro code  0x080014dc     0x4  startup_stm32l476xx.o [1]
  .text              ro code  0x080014e0     0x4  startup_stm32l476xx.o [1]
  .text              ro code  0x080014e4     0x4  startup_stm32l476xx.o [1]
  .text              ro code  0x080014e8     0x4  startup_stm32l476xx.o [1]
  .text              ro code  0x080014ec     0x4  startup_stm32l476xx.o [1]
  .text              ro code  0x080014f0     0x4  startup_stm32l476xx.o [1]
  .text              ro code  0x080014f4     0x4  startup_stm32l476xx.o [1]
  .text              ro code  0x080014f8     0x4  startup_stm32l476xx.o [1]
  .text              ro code  0x080014fc     0x4  startup_stm32l476xx.o [1]
  .text              ro code  0x08001500     0x4  startup_stm32l476xx.o [1]
  .text              ro code  0x08001504     0x4  startup_stm32l476xx.o [1]
  .text              ro code  0x08001508     0x4  startup_stm32l476xx.o [1]
  .text              ro code  0x0800150c     0x4  startup_stm32l476xx.o [1]
  .text              ro code  0x08001510     0x4  startup_stm32l476xx.o [1]
  .text              ro code  0x08001514     0x4  startup_stm32l476xx.o [1]
  .text              ro code  0x08001518     0x4  startup_stm32l476xx.o [1]
  .text              ro code  0x0800151c     0x4  startup_stm32l476xx.o [1]
  .text              ro code  0x08001520     0x4  startup_stm32l476xx.o [1]
  .text              ro code  0x08001524     0x4  startup_stm32l476xx.o [1]
  .text              ro code  0x08001528     0x4  startup_stm32l476xx.o [1]
  .text              ro code  0x0800152c     0x4  startup_stm32l476xx.o [1]
  .text              ro code  0x08001530     0x4  startup_stm32l476xx.o [1]
  .text              ro code  0x08001534     0x4  startup_stm32l476xx.o [1]
  .text              ro code  0x08001538     0x4  startup_stm32l476xx.o [1]
  .text              ro code  0x0800153c     0x4  startup_stm32l476xx.o [1]
  .text              ro code  0x08001540     0x4  startup_stm32l476xx.o [1]
  .text              ro code  0x08001544     0x4  startup_stm32l476xx.o [1]
  .text              ro code  0x08001548     0x4  startup_stm32l476xx.o [1]
  .text              ro code  0x0800154c     0x4  startup_stm32l476xx.o [1]
  .text              ro code  0x08001550     0x4  startup_stm32l476xx.o [1]
  .text              ro code  0x08001554     0x4  startup_stm32l476xx.o [1]
  .text              ro code  0x08001558     0x4  startup_stm32l476xx.o [1]
  .text              ro code  0x0800155c     0x4  startup_stm32l476xx.o [1]
  .text              ro code  0x08001560     0x4  startup_stm32l476xx.o [1]
  .text              ro code  0x08001564     0x4  startup_stm32l476xx.o [1]
  .text              ro code  0x08001568     0x4  startup_stm32l476xx.o [1]
  .text              ro code  0x0800156c     0x4  startup_stm32l476xx.o [1]
  .text              ro code  0x08001570     0x4  startup_stm32l476xx.o [1]
  .text              ro code  0x08001574     0x4  startup_stm32l476xx.o [1]
  .text              ro code  0x08001578     0x4  startup_stm32l476xx.o [1]
  .text              ro code  0x0800157c     0x4  startup_stm32l476xx.o [1]
  .text              ro code  0x08001580     0x4  startup_stm32l476xx.o [1]
  .text              ro code  0x08001584     0x4  startup_stm32l476xx.o [1]
  .text              ro code  0x08001588     0x4  startup_stm32l476xx.o [1]
  .text              ro code  0x0800158c     0x4  startup_stm32l476xx.o [1]
  .text              ro code  0x08001590     0x4  startup_stm32l476xx.o [1]
  .text              ro code  0x08001594     0x4  startup_stm32l476xx.o [1]
  .text              ro code  0x08001598     0x4  startup_stm32l476xx.o [1]
  .text              ro code  0x0800159c     0x4  startup_stm32l476xx.o [1]
  .text              ro code  0x080015a0     0x4  startup_stm32l476xx.o [1]
  .text              ro code  0x080015a4     0x4  startup_stm32l476xx.o [1]
  .text              ro code  0x080015a8     0x4  startup_stm32l476xx.o [1]
  .text              ro code  0x080015ac     0x4  startup_stm32l476xx.o [1]
  .text              ro code  0x080015b0     0x4  startup_stm32l476xx.o [1]
  .text              ro code  0x080015b4     0x4  startup_stm32l476xx.o [1]
  .text              ro code  0x080015b8     0x4  startup_stm32l476xx.o [1]
  .text              ro code  0x080015bc     0x4  startup_stm32l476xx.o [1]
  .text              ro code  0x080015c0     0x4  startup_stm32l476xx.o [1]
  .text              ro code  0x080015c4     0x4  startup_stm32l476xx.o [1]
  .text              ro code  0x080015c8     0x4  startup_stm32l476xx.o [1]
  .text              ro code  0x080015cc     0x4  startup_stm32l476xx.o [1]
  .text              ro code  0x080015d0     0x4  startup_stm32l476xx.o [1]
  .text              ro code  0x080015d4     0x4  startup_stm32l476xx.o [1]
  .text              ro code  0x080015d8     0x4  startup_stm32l476xx.o [1]
  .text              ro code  0x080015dc     0x4  startup_stm32l476xx.o [1]
  .text              ro code  0x080015e0     0x4  startup_stm32l476xx.o [1]
  .text              ro code  0x080015e4     0x4  startup_stm32l476xx.o [1]
  .text              ro code  0x080015e8     0x4  startup_stm32l476xx.o [1]
  .text              ro code  0x080015ec     0x4  startup_stm32l476xx.o [1]
  .rodata            const    0x080015f0     0x0  zero_init3.o [5]
  .rodata            const    0x080015f0     0x0  copy_init3.o [5]
                            - 0x080015f0  0x1468

"P2-P3", part 1 of 3:                        0xc
  P2-P3-1                     0x20000000     0x9  <Init block>
    .data            inited   0x20000000     0x4  stm32l4xx_hal.o [1]
    .data            inited   0x20000004     0x4  system_stm32l4xx.o [1]
    .data            inited   0x20000008     0x1  stm32l4xx_hal.o [1]
                            - 0x20000009     0x9

"P2-P3", part 2 of 3:                      0x400
  CSTACK                      0x20000010   0x400  <Block>
    CSTACK           uninit   0x20000010   0x400  <Block tail>
                            - 0x20000410   0x400

"P2-P3", part 3 of 3:                       0x8c
  .bss               zero     0x20000410    0x80  stm32l4xx_it.o [1]
  .bss               zero     0x20000490     0x4  main.o [1]
  .bss               zero     0x20000494     0x4  stm32l4xx_hal.o [1]
  .bss               zero     0x20000498     0x1  stm32l4xx_it.o [1]
                            - 0x20000499    0x89


*******************************************************************************
*** INIT TABLE
***

          Address     Size
          -------     ----
Zero (__iar_zero_init3)
    1 destination range, total size 0x89:
          0x20000410  0x89

Copy (__iar_copy_init3)
    1 source range, total size 0xc (133% of destination):
          0x0800149c   0xc
    1 destination range, total size 0x9:
          0x20000000   0x9



*******************************************************************************
*** MODULE SUMMARY
***

    Module                  ro code  ro data  rw data
    ------                  -------  -------  -------
C:\Users\kuryanovichp\llusartll\EWARM\llusartll\Obj: [1]
    main.o                    1 772       56        4
    startup_stm32l476xx.o       720
    stm32l4xx_hal.o             160        5        9
    stm32l4xx_hal_cortex.o      280
    stm32l4xx_hal_msp.o          64
    stm32l4xx_it.o              220               129
    stm32l4xx_ll_gpio.o         394
    stm32l4xx_ll_rcc.o        1 184
    stm32l4xx_ll_usart.o        288
    stm32l4xx_ll_utils.o         12
    system_stm32l4xx.o           20       76        4
    -------------------------------------------------
    Total:                    5 114      137      146

command line: [2]
    -------------------------------------------------
    Total:

dl7M_tln.a: [3]
    exit.o                        4
    low_level_init.o              4
    -------------------------------------------------
    Total:                        8

m7M_tls.a: [4]
    fpinit_M.o                   34
    -------------------------------------------------
    Total:                       34

rt7M_tl.a: [5]
    ABImemclr4.o                  6
    ABImemset48.o                50
    cexit.o                      10
    cmain.o                      26
    copy_init3.o                 44
    cstartup_M.o                 12
    data_init.o                  40
    zero_init3.o                 64
    -------------------------------------------------
    Total:                      252

shb_l.a: [6]
    exit.o                       20
    -------------------------------------------------
    Total:                       20

    Gaps                         10        2
    Linker created                        39    1 024
-----------------------------------------------------
    Grand Total:              5 438      178    1 170


*******************************************************************************
*** ENTRY LIST
***

Entry                      Address   Size  Type      Object
-----                      -------   ----  ----      ------
.iar.init_table$$Base   0x080013c4          --   Gb  - Linker created -
.iar.init_table$$Limit  0x080013e8          --   Gb  - Linker created -
?main                   0x080013e9         Code  Gb  cmain.o [5]
AHBPrescTable           0x08001470   0x10  Data  Gb  system_stm32l4xx.o [1]
APBPrescTable           0x080014b0    0x8  Data  Gb  system_stm32l4xx.o [1]
BusFault_Handler        0x0800121d    0x2  Code  Gb  stm32l4xx_it.o [1]
CHANNEL_OFFSET_TAB      0x080014a8    0x8  Data  Lc  main.o [1]
CSTACK$$Base            0x20000010          --   Gb  - Linker created -
CSTACK$$Limit           0x20000410          --   Gb  - Linker created -
DMA1_Channel6_IRQHandler
                        0x0800122f    0x2  Code  Gb  stm32l4xx_it.o [1]
DMA1_Channel7_IRQHandler
                        0x08001231    0x2  Code  Gb  stm32l4xx_it.o [1]
DMA_TransmitData        0x0800053d   0x24  Code  Gb  main.o [1]
DebugMon_Handler        0x08001223    0x2  Code  Gb  stm32l4xx_it.o [1]
Error_Handler           0x08000871    0x4  Code  Gb  main.o [1]
HAL_IncTick             0x080012c5   0x18  Code  Wk  stm32l4xx_hal.o [1]
HAL_Init                0x08000875   0x24  Code  Gb  stm32l4xx_hal.o [1]
HAL_InitTick            0x080008a5   0x64  Code  Wk  stm32l4xx_hal.o [1]
HAL_MspInit             0x08000cd5   0x40  Code  Gb  stm32l4xx_hal_msp.o [1]
HAL_NVIC_SetPriority    0x08000c85   0x26  Code  Gb  stm32l4xx_hal_cortex.o [1]
HAL_NVIC_SetPriorityGrouping
                        0x08000c79    0xc  Code  Gb  stm32l4xx_hal_cortex.o [1]
HAL_SYSTICK_Config      0x08000cab    0xc  Code  Gb  stm32l4xx_hal_cortex.o [1]
HardFault_Handler       0x08001219    0x2  Code  Gb  stm32l4xx_it.o [1]
LL_AHB2_GRP1_EnableClock
                        0x080002e7   0x20  Code  Lc  main.o [1]
LL_APB1_GRP1_EnableClock
                        0x08000307   0x20  Code  Lc  main.o [1]
LL_DMA_DisableIT_TE     0x080004d3   0x16  Code  Lc  main.o [1]
LL_DMA_EnableIT_TC      0x080004a1   0x1a  Code  Lc  main.o [1]
LL_DMA_EnableIT_TE      0x080004bb   0x18  Code  Lc  main.o [1]
LL_DMA_SetChannelPriorityLevel
                        0x0800042b   0x20  Code  Lc  main.o [1]
LL_DMA_SetDataLength    0x0800044b   0x20  Code  Lc  main.o [1]
LL_DMA_SetDataTransferDirection
                        0x08000369   0x22  Code  Lc  main.o [1]
LL_DMA_SetMemoryIncMode
                        0x080003cb   0x20  Code  Lc  main.o [1]
LL_DMA_SetMemorySize    0x0800040b   0x20  Code  Lc  main.o [1]
LL_DMA_SetMode          0x0800038b   0x20  Code  Lc  main.o [1]
LL_DMA_SetPeriphIncMode
                        0x080003ab   0x20  Code  Lc  main.o [1]
LL_DMA_SetPeriphRequest
                        0x0800046b   0x36  Code  Lc  main.o [1]
LL_DMA_SetPeriphSize    0x080003eb   0x20  Code  Lc  main.o [1]
LL_FLASH_GetLatency     0x0800033b    0xc  Code  Lc  main.o [1]
LL_FLASH_SetLatency     0x08000327   0x14  Code  Lc  main.o [1]
LL_GPIO_Init            0x08000a17   0x84  Code  Gb  stm32l4xx_ll_gpio.o [1]
LL_GPIO_ResetOutputPin  0x08000539    0x4  Code  Lc  main.o [1]
LL_GPIO_SetAFPin_0_7    0x080009b3   0x30  Code  Lc  stm32l4xx_ll_gpio.o [1]
LL_GPIO_SetAFPin_8_15   0x080009e3   0x34  Code  Lc  stm32l4xx_ll_gpio.o [1]
LL_GPIO_SetPinMode      0x08000911   0x30  Code  Lc  stm32l4xx_ll_gpio.o [1]
LL_GPIO_SetPinOutputType
                        0x08000941   0x12  Code  Lc  stm32l4xx_ll_gpio.o [1]
LL_GPIO_SetPinPull      0x08000983   0x30  Code  Lc  stm32l4xx_ll_gpio.o [1]
LL_GPIO_SetPinSpeed     0x08000953   0x30  Code  Lc  stm32l4xx_ll_gpio.o [1]
LL_PWR_IsActiveFlag_VOS
                        0x0800035b    0xe  Code  Lc  main.o [1]
LL_PWR_SetRegulVoltageScaling
                        0x08000347   0x14  Code  Lc  main.o [1]
LL_RCC_GetAHBPrescaler  0x08000d97    0xc  Code  Lc  stm32l4xx_ll_rcc.o [1]
LL_RCC_GetAPB1Prescaler
                        0x08000da3    0xc  Code  Lc  stm32l4xx_ll_rcc.o [1]
LL_RCC_GetAPB2Prescaler
                        0x08000daf    0xc  Code  Lc  stm32l4xx_ll_rcc.o [1]
LL_RCC_GetSysClkSource  0x08000289    0xc  Code  Lc  main.o [1]
LL_RCC_GetSysClkSource  0x08000d8b    0xc  Code  Lc  stm32l4xx_ll_rcc.o [1]
LL_RCC_GetUARTClockFreq
                        0x08000f1d   0xc4  Code  Gb  stm32l4xx_ll_rcc.o [1]
LL_RCC_GetUARTClockSource
                        0x08000dc9    0xe  Code  Lc  stm32l4xx_ll_rcc.o [1]
LL_RCC_GetUSARTClockFreq
                        0x08000e07  0x116  Code  Gb  stm32l4xx_ll_rcc.o [1]
LL_RCC_GetUSARTClockSource
                        0x08000dbb    0xe  Code  Lc  stm32l4xx_ll_rcc.o [1]
LL_RCC_HSI_IsReady      0x08000d49    0xe  Code  Lc  stm32l4xx_ll_rcc.o [1]
LL_RCC_LSE_IsReady      0x08000d57    0xe  Code  Lc  stm32l4xx_ll_rcc.o [1]
LL_RCC_MSI_Enable       0x08000219   0x12  Code  Lc  main.o [1]
LL_RCC_MSI_EnableRangeSelection
                        0x08000239   0x12  Code  Lc  main.o [1]
LL_RCC_MSI_GetRange     0x08000d73    0xc  Code  Lc  stm32l4xx_ll_rcc.o [1]
LL_RCC_MSI_GetRangeAfterStandby
                        0x08000d7f    0xc  Code  Lc  stm32l4xx_ll_rcc.o [1]
LL_RCC_MSI_IsEnabledRangeSelect
                        0x08000d65    0xe  Code  Lc  stm32l4xx_ll_rcc.o [1]
LL_RCC_MSI_IsReady      0x0800022b    0xe  Code  Lc  main.o [1]
LL_RCC_MSI_SetCalibTrimming
                        0x0800025f   0x16  Code  Lc  main.o [1]
LL_RCC_MSI_SetRange     0x0800024b   0x14  Code  Lc  main.o [1]
LL_RCC_PLL_GetDivider   0x08000dfb    0xc  Code  Lc  stm32l4xx_ll_rcc.o [1]
LL_RCC_PLL_GetMainSource
                        0x08000dd7    0xc  Code  Lc  stm32l4xx_ll_rcc.o [1]
LL_RCC_PLL_GetN         0x08000de3    0xc  Code  Lc  stm32l4xx_ll_rcc.o [1]
LL_RCC_PLL_GetR         0x08000def    0xc  Code  Lc  stm32l4xx_ll_rcc.o [1]
LL_RCC_SetAHBPrescaler  0x08000295   0x14  Code  Lc  main.o [1]
LL_RCC_SetAPB1Prescaler
                        0x080002a9   0x14  Code  Lc  main.o [1]
LL_RCC_SetAPB2Prescaler
                        0x080002bd   0x14  Code  Lc  main.o [1]
LL_RCC_SetSysClkSource  0x08000275   0x14  Code  Lc  main.o [1]
LL_RCC_SetUSARTClockSource
                        0x080002d1   0x16  Code  Lc  main.o [1]
LL_SetSystemCoreClock   0x08000899    0x6  Code  Gb  stm32l4xx_ll_utils.o [1]
LL_USART_ConfigAsyncMode
                        0x080004f3   0x12  Code  Lc  main.o [1]
LL_USART_Enable         0x080004e9    0xa  Code  Lc  main.o [1]
LL_USART_EnableDMAReq_TX
                        0x08000519   0x20  Code  Lc  main.o [1]
LL_USART_EnableIT_RXNE  0x08000505   0x14  Code  Lc  main.o [1]
LL_USART_Init           0x08000af5   0xac  Code  Gb  stm32l4xx_ll_usart.o [1]
LL_USART_IsActiveFlag_FE
                        0x080011f1    0xa  Code  Lc  stm32l4xx_it.o [1]
LL_USART_IsActiveFlag_ORE
                        0x080011fb    0xa  Code  Lc  stm32l4xx_it.o [1]
LL_USART_IsActiveFlag_PE
                        0x080011e9    0x8  Code  Lc  stm32l4xx_it.o [1]
LL_USART_IsActiveFlag_RXNE
                        0x08001205    0xa  Code  Lc  stm32l4xx_it.o [1]
LL_USART_IsEnabled      0x08000a9d    0x8  Code  Lc  stm32l4xx_ll_usart.o [1]
LL_USART_ReceiveData9   0x0800120f    0x8  Code  Lc  stm32l4xx_it.o [1]
LL_USART_SetBaudRate    0x08000abd   0x38  Code  Lc  stm32l4xx_ll_usart.o [1]
LL_USART_SetHWFlowCtrl  0x08000ab1    0xc  Code  Lc  stm32l4xx_ll_usart.o [1]
LL_USART_SetStopBitsLength
                        0x08000aa5    0xc  Code  Lc  stm32l4xx_ll_usart.o [1]
MSIRangeTable           0x0800131c   0x30  Data  Gb  system_stm32l4xx.o [1]
MX_DMA_Init             0x08000749   0x50  Code  Lc  main.o [1]
MX_GPIO_Init            0x08000799   0x72  Code  Lc  main.o [1]
MX_USART2_UART_Init     0x0800060b  0x13e  Code  Lc  main.o [1]
MemManage_Handler       0x0800121b    0x2  Code  Gb  stm32l4xx_it.o [1]
NMI_Handler             0x08001217    0x2  Code  Gb  stm32l4xx_it.o [1]
NVIC_EncodePriority     0x080001db   0x3e  Code  Lc  main.o [1]
NVIC_EncodePriority     0x08000c0b   0x3e  Code  Lc  stm32l4xx_hal_cortex.o [1]
PendSV_Handler          0x08001225    0x2  Code  Gb  stm32l4xx_it.o [1]
RCC_GetHCLKClockFreq    0x0800109b   0x18  Code  Lc  stm32l4xx_ll_rcc.o [1]
RCC_GetPCLK1ClockFreq   0x080010b9   0x16  Code  Lc  stm32l4xx_ll_rcc.o [1]
RCC_GetPCLK2ClockFreq   0x080010d5   0x16  Code  Lc  stm32l4xx_ll_rcc.o [1]
RCC_GetSystemClockFreq  0x08000fe1   0xba  Code  Lc  stm32l4xx_ll_rcc.o [1]
RCC_PLL_GetFreqDomain_SYS
                        0x080010f9   0xd0  Code  Lc  stm32l4xx_ll_rcc.o [1]
Region$$Table$$Base     0x080013c4          --   Gb  - Linker created -
Region$$Table$$Limit    0x080013e8          --   Gb  - Linker created -
SVC_Handler             0x08001221    0x2  Code  Gb  stm32l4xx_it.o [1]
SysTick_Config          0x08000c49   0x30  Code  Lc  stm32l4xx_hal_cortex.o [1]
SysTick_Handler         0x08001227    0x8  Code  Gb  stm32l4xx_it.o [1]
SystemClock_Config      0x08000599   0x72  Code  Gb  main.o [1]
SystemCoreClock         0x20000004    0x4  Data  Gb  system_stm32l4xx.o [1]
SystemInit              0x0800145d    0xe  Code  Gb  system_stm32l4xx.o [1]
USART2_IRQHandler       0x08001233   0x82  Code  Gb  stm32l4xx_it.o [1]
USART2_IRQHandler::buff
                        0x20000410   0x80  Data  Lc  stm32l4xx_it.o [1]
USART2_IRQHandler::counter
                        0x20000498    0x1  Data  Lc  stm32l4xx_it.o [1]
UsageFault_Handler      0x0800121f    0x2  Code  Gb  stm32l4xx_it.o [1]
__NVIC_EnableIRQ        0x08000195   0x1c  Code  Lc  main.o [1]
__NVIC_GetPriorityGrouping
                        0x08000189    0xc  Code  Lc  main.o [1]
__NVIC_GetPriorityGrouping
                        0x08000bdb    0xa  Code  Lc  stm32l4xx_hal_cortex.o [1]
__NVIC_SetPriority      0x080001b1   0x2a  Code  Lc  main.o [1]
__NVIC_SetPriority      0x08000be5   0x26  Code  Lc  stm32l4xx_hal_cortex.o [1]
__NVIC_SetPriorityGrouping
                        0x08000bbd   0x1e  Code  Lc  stm32l4xx_hal_cortex.o [1]
__aeabi_memclr4         0x08000909         Code  Gb  ABImemclr4.o [5]
__cmain                 0x080013e9         Code  Gb  cmain.o [5]
__exit                  0x08001419   0x14  Code  Gb  exit.o [6]
__iar_Memset4_word      0x08000d15         Code  Gb  ABImemset48.o [5]
__iar_Memset8_word      0x08000d15         Code  Gb  ABImemset48.o [5]
__iar_copy_init3        0x0800134d   0x2c  Code  Gb  copy_init3.o [5]
__iar_data_init3        0x08001379   0x28  Code  Gb  data_init.o [5]
__iar_init_vfp          0x080013a1         Code  Gb  fpinit_M.o [4]
__iar_program_start     0x08001491         Code  Gb  cstartup_M.o [5]
__iar_zero_init3        0x080012dd   0x40  Code  Gb  zero_init3.o [5]
__low_level_init        0x08001403    0x4  Code  Gb  low_level_init.o [3]
__vector_table          0x08000000         Data  Gb  startup_stm32l476xx.o [1]
_call_main              0x080013f5         Code  Gb  cmain.o [5]
_exit                   0x0800140d         Code  Gb  cexit.o [5]
_main                   0x080013ff         Code  Gb  cmain.o [5]
exit                    0x08001407    0x4  Code  Gb  exit.o [3]
main                    0x08000561   0x38  Code  Gb  main.o [1]
recvComplete            0x20000490    0x4  Data  Gb  main.o [1]
uwTick                  0x20000494    0x4  Data  Gb  stm32l4xx_hal.o [1]
uwTickFreq              0x20000008    0x1  Data  Gb  stm32l4xx_hal.o [1]
uwTickPrio              0x20000000    0x4  Data  Gb  stm32l4xx_hal.o [1]


[1] = C:\Users\kuryanovichp\llusartll\EWARM\llusartll\Obj
[2] = command line
[3] = dl7M_tln.a
[4] = m7M_tls.a
[5] = rt7M_tl.a
[6] = shb_l.a

  5 438 bytes of readonly  code memory
    178 bytes of readonly  data memory
  1 170 bytes of readwrite data memory

Errors: none
Warnings: none
